
> frontend@0.0.0 build
> tsc -b && vite build

src/components/AgentErrorBoundary.tsx(1,8): error TS6133: 'React' is declared but its value is never read.
src/components/organisms/TicketStream.tsx(2,8): error TS2613: Module '"C:/Users/hp/Desktop/Cyber Cypher/hackathon-spec/frontend/node_modules/react-virtualized-auto-sizer/dist/react-virtualized-auto-sizer"' has no default export. Did you mean to use 'import { AutoSizer } from "C:/Users/hp/Desktop/Cyber Cypher/hackathon-spec/frontend/node_modules/react-virtualized-auto-sizer/dist/react-virtualized-auto-sizer"' instead?
src/components/organisms/TicketStream.tsx(8,35): error TS2339: Property 'FixedSizeList' does not exist on type 'typeof import("C:/Users/hp/Desktop/Cyber Cypher/hackathon-spec/frontend/node_modules/react-window/dist/react-window")'.
